// Jest Snapshot v1, https://goo.gl/fbAQLP

exports[`Test in <GeneralForecast /> should show the component correctly 1`] = `
<Fragment>
  <EuiFlexGroup
    className="general-forecast"
  >
    <EuiFlexItem
      className="general-forecast__column"
    >
      <h3
        className="subtitle-low"
      >
        Previsto para hoy
      </h3>
      <p
        className="text"
      >
        today
      </p>
    </EuiFlexItem>
    <EuiFlexItem
      className="general-forecast__column"
    >
      <h3
        className="subtitle-low"
      >
        Previsión para mañana
      </h3>
      <p
        className="text"
      >
        tomorrow
      </p>
    </EuiFlexItem>
  </EuiFlexGroup>
</Fragment>
`;
